<?xml version="1.0" encoding="UTF-8"?>
<TestRun id="24acb040-d5f6-465d-a651-1f18c8e3dc25" name="NhatMinh@LAPTOP-OTVHORNK 2019-11-17 14:56:23" runUser="LAPTOP-OTVHORNK\NhatMinh" xmlns="http://microsoft.com/schemas/VisualStudio/TeamTest/2010">
  <TestSettings name="Local" id="293b60f0-7b6a-4642-86ed-df84e909a222">
    <Description>These are default test settings for a local test run.</Description>
    <Deployment enabled="false" runDeploymentRoot="NhatMinh_LAPTOP-OTVHORNK 2019-11-17 14_56_23">
      <DeploymentItem filename="C:\Users\NhatMinh\Desktop\Cua-hang-may-anh\GiaoDien\bin\Debug\GiaoDien.exe" />
    </Deployment>
    <Execution>
      <TestTypeSpecific />
      <AgentRule name="Execution Agents">
      </AgentRule>
    </Execution>
  </TestSettings>
  <Times creation="2019-11-17T14:56:23.8920952+07:00" queuing="2019-11-17T14:56:25.0517558+07:00" start="2019-11-17T14:56:25.0517558+07:00" finish="2019-11-17T14:56:25.3173200+07:00" />
  <ResultSummary outcome="Completed">
    <Counters total="1" executed="1" passed="1" error="0" failed="0" timeout="0" aborted="0" inconclusive="0" passedButRunAborted="0" notRunnable="0" notExecuted="0" disconnected="0" warning="0" completed="0" inProgress="0" pending="0" />
  </ResultSummary>
  <TestDefinitions>
    <UnitTest name="TestOpenAccess" storage="c:\users\nhatminh\desktop\cua-hang-may-anh\testproject\bin\debug\testproject.dll" id="103c8996-90c9-9ea5-eaf2-8b257c6fcb2d">
      <Execution id="16774e36-3462-49d9-a2d6-aaebb9a3c037" />
      <TestMethod codeBase="C:/Users/NhatMinh/Desktop/Cua-hang-may-anh/TestProject/bin/Debug/TestProject.DLL" adapterTypeName="Microsoft.VisualStudio.TestTools.TestTypes.Unit.UnitTestAdapter, Microsoft.VisualStudio.QualityTools.Tips.UnitTest.Adapter, Version=10.0.0.0, Culture=neutral, PublicKeyToken=b03f5f7f11d50a3a" className="TestProject.UnitTest2, TestProject, Version=1.0.0.0, Culture=neutral, PublicKeyToken=null" name="TestOpenAccess" />
    </UnitTest>
  </TestDefinitions>
  <TestLists>
    <TestList name="Results Not in a List" id="8c84fa94-04c1-424b-9868-57a2d4851a1d" />
    <TestList name="All Loaded Results" id="19431567-8539-422a-85d7-44ee4e166bda" />
  </TestLists>
  <TestEntries>
    <TestEntry testId="103c8996-90c9-9ea5-eaf2-8b257c6fcb2d" executionId="16774e36-3462-49d9-a2d6-aaebb9a3c037" testListId="8c84fa94-04c1-424b-9868-57a2d4851a1d" />
  </TestEntries>
  <Results>
    <UnitTestResult executionId="16774e36-3462-49d9-a2d6-aaebb9a3c037" testId="103c8996-90c9-9ea5-eaf2-8b257c6fcb2d" testName="TestOpenAccess" computerName="LAPTOP-OTVHORNK" duration="00:00:00.0151976" startTime="2019-11-17T14:56:25.0673757+07:00" endTime="2019-11-17T14:56:25.2548338+07:00" testType="13cdc9d9-ddb5-4fa4-a97d-d965ccfc6d4b" outcome="Passed" testListId="8c84fa94-04c1-424b-9868-57a2d4851a1d" relativeResultsDirectory="16774e36-3462-49d9-a2d6-aaebb9a3c037">
    </UnitTestResult>
  </Results>
</TestRun>