<?xml version="1.0" encoding="UTF-8"?>
<TestRun id="7a182c9f-e781-4570-ac0c-5795251fd92c" name="NhatMinh@LAPTOP-OTVHORNK 2019-11-17 18:05:23" runUser="LAPTOP-OTVHORNK\NhatMinh" xmlns="http://microsoft.com/schemas/VisualStudio/TeamTest/2010">
  <TestSettings name="Local" id="293b60f0-7b6a-4642-86ed-df84e909a222">
    <Description>These are default test settings for a local test run.</Description>
    <Deployment enabled="false" runDeploymentRoot="NhatMinh_LAPTOP-OTVHORNK 2019-11-17 18_05_23">
      <DeploymentItem filename="C:\Users\NhatMinh\Desktop\Cua-hang-may-anh\GiaoDien\bin\Debug\GiaoDien.exe" />
    </Deployment>
    <Execution>
      <TestTypeSpecific />
      <AgentRule name="Execution Agents">
      </AgentRule>
    </Execution>
  </TestSettings>
  <Times creation="2019-11-17T18:05:23.1386840+07:00" queuing="2019-11-17T18:05:24.2052299+07:00" start="2019-11-17T18:05:24.2609919+07:00" finish="2019-11-17T18:05:43.3886235+07:00" />
  <ResultSummary outcome="Error">
    <Counters total="8" executed="3" passed="2" error="0" failed="0" timeout="0" aborted="1" inconclusive="0" passedButRunAborted="0" notRunnable="0" notExecuted="5" disconnected="0" warning="0" completed="0" inProgress="0" pending="0" />
    <RunInfos>
      <RunInfo computerName="LAPTOP-OTVHORNK" outcome="Error" timestamp="2019-11-17T18:05:43.3886235+07:00">
        <Text>Test host process exited unexpectedly.</Text>
      </RunInfo>
    </RunInfos>
  </ResultSummary>
  <TestDefinitions>
    <UnitTest name="TestKTMatKhau_SaiThongTin" storage="c:\users\nhatminh\desktop\cua-hang-may-anh\testproject\bin\debug\testproject.dll" id="2a44b4e3-5f53-8c88-f788-3dac2839bb85">
      <Execution id="3372d97d-7f8c-401b-8c18-416659c9828d" />
      <TestMethod codeBase="C:/Users/NhatMinh/Desktop/Cua-hang-may-anh/TestProject/bin/Debug/TestProject.DLL" adapterTypeName="Microsoft.VisualStudio.TestTools.TestTypes.Unit.UnitTestAdapter, Microsoft.VisualStudio.QualityTools.Tips.UnitTest.Adapter, Version=10.0.0.0, Culture=neutral, PublicKeyToken=b03f5f7f11d50a3a" className="TestProject.UnitTest1, TestProject, Version=1.0.0.0, Culture=neutral, PublicKeyToken=null" name="TestKTMatKhau_SaiThongTin" />
    </UnitTest>
    <UnitTest name="TestKTTonTaiGiaTriStringTrue" storage="c:\users\nhatminh\desktop\cua-hang-may-anh\testproject\bin\debug\testproject.dll" id="82739ca3-0c68-ca0b-0507-6c851be9e819">
      <Execution id="699416e7-14f4-4b9c-bb97-671ea1799e4a" />
      <TestMethod codeBase="C:/Users/NhatMinh/Desktop/Cua-hang-may-anh/TestProject/bin/Debug/TestProject.DLL" adapterTypeName="Microsoft.VisualStudio.TestTools.TestTypes.Unit.UnitTestAdapter, Microsoft.VisualStudio.QualityTools.Tips.UnitTest.Adapter, Version=10.0.0.0, Culture=neutral, PublicKeyToken=b03f5f7f11d50a3a" className="TestProject.UnitTest1, TestProject, Version=1.0.0.0, Culture=neutral, PublicKeyToken=null" name="TestKTTonTaiGiaTriStringTrue" />
    </UnitTest>
    <UnitTest name="TestKTTonTaiGiaTriStringFalse" storage="c:\users\nhatminh\desktop\cua-hang-may-anh\testproject\bin\debug\testproject.dll" id="48892fdf-792f-6913-9069-225a30b3e44e">
      <Execution id="ac6b9c19-68fc-4bed-b671-60007f03f6a4" />
      <TestMethod codeBase="C:/Users/NhatMinh/Desktop/Cua-hang-may-anh/TestProject/bin/Debug/TestProject.DLL" adapterTypeName="Microsoft.VisualStudio.TestTools.TestTypes.Unit.UnitTestAdapter, Microsoft.VisualStudio.QualityTools.Tips.UnitTest.Adapter, Version=10.0.0.0, Culture=neutral, PublicKeyToken=b03f5f7f11d50a3a" className="TestProject.UnitTest1, TestProject, Version=1.0.0.0, Culture=neutral, PublicKeyToken=null" name="TestKTTonTaiGiaTriStringFalse" />
    </UnitTest>
    <UnitTest name="TestKTMatKhau_ItHon6KyTu" storage="c:\users\nhatminh\desktop\cua-hang-may-anh\testproject\bin\debug\testproject.dll" id="94b5376d-1cf0-89a5-ea19-bd84b56b2184">
      <Execution id="2b403ed7-0566-40c5-a81a-a61c264daeb3" />
      <TestMethod codeBase="C:/Users/NhatMinh/Desktop/Cua-hang-may-anh/TestProject/bin/Debug/TestProject.DLL" adapterTypeName="Microsoft.VisualStudio.TestTools.TestTypes.Unit.UnitTestAdapter, Microsoft.VisualStudio.QualityTools.Tips.UnitTest.Adapter, Version=10.0.0.0, Culture=neutral, PublicKeyToken=b03f5f7f11d50a3a" className="TestProject.UnitTest1, TestProject, Version=1.0.0.0, Culture=neutral, PublicKeyToken=null" name="TestKTMatKhau_ItHon6KyTu" />
    </UnitTest>
    <UnitTest name="TestKTTonTaiGiaTriIntFalse" storage="c:\users\nhatminh\desktop\cua-hang-may-anh\testproject\bin\debug\testproject.dll" id="a0fcdfa4-63d8-ddf4-bffa-d8b338e6167d">
      <Execution id="24fa2b7a-1b48-4c4b-8cb9-0a7818f30970" />
      <TestMethod codeBase="C:/Users/NhatMinh/Desktop/Cua-hang-may-anh/TestProject/bin/Debug/TestProject.DLL" adapterTypeName="Microsoft.VisualStudio.TestTools.TestTypes.Unit.UnitTestAdapter, Microsoft.VisualStudio.QualityTools.Tips.UnitTest.Adapter, Version=10.0.0.0, Culture=neutral, PublicKeyToken=b03f5f7f11d50a3a" className="TestProject.UnitTest1, TestProject, Version=1.0.0.0, Culture=neutral, PublicKeyToken=null" name="TestKTTonTaiGiaTriIntFalse" />
    </UnitTest>
    <UnitTest name="TestKTTonTaiGiaTriIntTrue" storage="c:\users\nhatminh\desktop\cua-hang-may-anh\testproject\bin\debug\testproject.dll" id="f9e0645b-2a70-f6fd-e356-1520485cc513">
      <Execution id="4cb68a56-08b8-4f8c-80b5-1d5b9f31799d" />
      <TestMethod codeBase="C:/Users/NhatMinh/Desktop/Cua-hang-may-anh/TestProject/bin/Debug/TestProject.DLL" adapterTypeName="Microsoft.VisualStudio.TestTools.TestTypes.Unit.UnitTestAdapter, Microsoft.VisualStudio.QualityTools.Tips.UnitTest.Adapter, Version=10.0.0.0, Culture=neutral, PublicKeyToken=b03f5f7f11d50a3a" className="TestProject.UnitTest1, TestProject, Version=1.0.0.0, Culture=neutral, PublicKeyToken=null" name="TestKTTonTaiGiaTriIntTrue" />
    </UnitTest>
    <UnitTest name="TestKTMatKhau" storage="c:\users\nhatminh\desktop\cua-hang-may-anh\testproject\bin\debug\testproject.dll" id="5e7b3674-8f66-dbaa-2296-433ca5893238">
      <Execution id="07b01949-cb0d-48a0-8ad5-774bbb881bfa" />
      <TestMethod codeBase="C:/Users/NhatMinh/Desktop/Cua-hang-may-anh/TestProject/bin/Debug/TestProject.DLL" adapterTypeName="Microsoft.VisualStudio.TestTools.TestTypes.Unit.UnitTestAdapter, Microsoft.VisualStudio.QualityTools.Tips.UnitTest.Adapter, Version=10.0.0.0, Culture=neutral, PublicKeyToken=b03f5f7f11d50a3a" className="TestProject.UnitTest1, TestProject, Version=1.0.0.0, Culture=neutral, PublicKeyToken=null" name="TestKTMatKhau" />
    </UnitTest>
    <UnitTest name="TestKTMatKhau_TaiKhoanKhongTonTai" storage="c:\users\nhatminh\desktop\cua-hang-may-anh\testproject\bin\debug\testproject.dll" id="bec96b4e-9bdb-85be-5bc5-ebe9b4d78c9d">
      <Execution id="bc45586b-dc6f-4cf4-acd8-e05c7dc66696" />
      <TestMethod codeBase="C:/Users/NhatMinh/Desktop/Cua-hang-may-anh/TestProject/bin/Debug/TestProject.DLL" adapterTypeName="Microsoft.VisualStudio.TestTools.TestTypes.Unit.UnitTestAdapter, Microsoft.VisualStudio.QualityTools.Tips.UnitTest.Adapter, Version=10.0.0.0, Culture=neutral, PublicKeyToken=b03f5f7f11d50a3a" className="TestProject.UnitTest1, TestProject, Version=1.0.0.0, Culture=neutral, PublicKeyToken=null" name="TestKTMatKhau_TaiKhoanKhongTonTai" />
    </UnitTest>
  </TestDefinitions>
  <TestLists>
    <TestList name="Results Not in a List" id="8c84fa94-04c1-424b-9868-57a2d4851a1d" />
    <TestList name="All Loaded Results" id="19431567-8539-422a-85d7-44ee4e166bda" />
  </TestLists>
  <TestEntries>
    <TestEntry testId="f9e0645b-2a70-f6fd-e356-1520485cc513" executionId="4cb68a56-08b8-4f8c-80b5-1d5b9f31799d" testListId="8c84fa94-04c1-424b-9868-57a2d4851a1d" />
    <TestEntry testId="a0fcdfa4-63d8-ddf4-bffa-d8b338e6167d" executionId="24fa2b7a-1b48-4c4b-8cb9-0a7818f30970" testListId="8c84fa94-04c1-424b-9868-57a2d4851a1d" />
    <TestEntry testId="82739ca3-0c68-ca0b-0507-6c851be9e819" executionId="699416e7-14f4-4b9c-bb97-671ea1799e4a" testListId="8c84fa94-04c1-424b-9868-57a2d4851a1d" />
    <TestEntry testId="48892fdf-792f-6913-9069-225a30b3e44e" executionId="ac6b9c19-68fc-4bed-b671-60007f03f6a4" testListId="8c84fa94-04c1-424b-9868-57a2d4851a1d" />
    <TestEntry testId="bec96b4e-9bdb-85be-5bc5-ebe9b4d78c9d" executionId="bc45586b-dc6f-4cf4-acd8-e05c7dc66696" testListId="8c84fa94-04c1-424b-9868-57a2d4851a1d" />
    <TestEntry testId="94b5376d-1cf0-89a5-ea19-bd84b56b2184" executionId="2b403ed7-0566-40c5-a81a-a61c264daeb3" testListId="8c84fa94-04c1-424b-9868-57a2d4851a1d" />
    <TestEntry testId="2a44b4e3-5f53-8c88-f788-3dac2839bb85" executionId="3372d97d-7f8c-401b-8c18-416659c9828d" testListId="8c84fa94-04c1-424b-9868-57a2d4851a1d" />
    <TestEntry testId="5e7b3674-8f66-dbaa-2296-433ca5893238" executionId="07b01949-cb0d-48a0-8ad5-774bbb881bfa" testListId="8c84fa94-04c1-424b-9868-57a2d4851a1d" />
  </TestEntries>
  <Results>
    <UnitTestResult executionId="4cb68a56-08b8-4f8c-80b5-1d5b9f31799d" testId="f9e0645b-2a70-f6fd-e356-1520485cc513" testName="TestKTTonTaiGiaTriIntTrue" computerName="LAPTOP-OTVHORNK" duration="00:00:00.2250625" startTime="2019-11-17T18:05:24.3086044+07:00" endTime="2019-11-17T18:05:24.9828493+07:00" testType="13cdc9d9-ddb5-4fa4-a97d-d965ccfc6d4b" outcome="Passed" testListId="8c84fa94-04c1-424b-9868-57a2d4851a1d" relativeResultsDirectory="4cb68a56-08b8-4f8c-80b5-1d5b9f31799d">
    </UnitTestResult>
    <UnitTestResult executionId="24fa2b7a-1b48-4c4b-8cb9-0a7818f30970" testId="a0fcdfa4-63d8-ddf4-bffa-d8b338e6167d" testName="TestKTTonTaiGiaTriIntFalse" computerName="LAPTOP-OTVHORNK" duration="00:00:00.0632665" startTime="2019-11-17T18:05:24.9828493+07:00" endTime="2019-11-17T18:05:25.0615788+07:00" testType="13cdc9d9-ddb5-4fa4-a97d-d965ccfc6d4b" outcome="Passed" testListId="8c84fa94-04c1-424b-9868-57a2d4851a1d" relativeResultsDirectory="24fa2b7a-1b48-4c4b-8cb9-0a7818f30970">
    </UnitTestResult>
    <UnitTestResult executionId="699416e7-14f4-4b9c-bb97-671ea1799e4a" testId="82739ca3-0c68-ca0b-0507-6c851be9e819" testName="TestKTTonTaiGiaTriStringTrue" computerName="LAPTOP-OTVHORNK" duration="00:00:18.3120474" startTime="2019-11-17T18:05:25.0765761+07:00" endTime="2019-11-17T18:05:43.3886235+07:00" testType="13cdc9d9-ddb5-4fa4-a97d-d965ccfc6d4b" outcome="Aborted" testListId="8c84fa94-04c1-424b-9868-57a2d4851a1d" relativeResultsDirectory="699416e7-14f4-4b9c-bb97-671ea1799e4a">
    </UnitTestResult>
    <UnitTestResult executionId="ac6b9c19-68fc-4bed-b671-60007f03f6a4" testId="48892fdf-792f-6913-9069-225a30b3e44e" testName="TestKTTonTaiGiaTriStringFalse" computerName="LAPTOP-OTVHORNK" testType="13cdc9d9-ddb5-4fa4-a97d-d965ccfc6d4b" outcome="NotExecuted" testListId="8c84fa94-04c1-424b-9868-57a2d4851a1d" relativeResultsDirectory="ac6b9c19-68fc-4bed-b671-60007f03f6a4">
    </UnitTestResult>
    <UnitTestResult executionId="bc45586b-dc6f-4cf4-acd8-e05c7dc66696" testId="bec96b4e-9bdb-85be-5bc5-ebe9b4d78c9d" testName="TestKTMatKhau_TaiKhoanKhongTonTai" computerName="LAPTOP-OTVHORNK" testType="13cdc9d9-ddb5-4fa4-a97d-d965ccfc6d4b" outcome="NotExecuted" testListId="8c84fa94-04c1-424b-9868-57a2d4851a1d" relativeResultsDirectory="bc45586b-dc6f-4cf4-acd8-e05c7dc66696">
    </UnitTestResult>
    <UnitTestResult executionId="2b403ed7-0566-40c5-a81a-a61c264daeb3" testId="94b5376d-1cf0-89a5-ea19-bd84b56b2184" testName="TestKTMatKhau_ItHon6KyTu" computerName="LAPTOP-OTVHORNK" testType="13cdc9d9-ddb5-4fa4-a97d-d965ccfc6d4b" outcome="NotExecuted" testListId="8c84fa94-04c1-424b-9868-57a2d4851a1d" relativeResultsDirectory="2b403ed7-0566-40c5-a81a-a61c264daeb3">
    </UnitTestResult>
    <UnitTestResult executionId="3372d97d-7f8c-401b-8c18-416659c9828d" testId="2a44b4e3-5f53-8c88-f788-3dac2839bb85" testName="TestKTMatKhau_SaiThongTin" computerName="LAPTOP-OTVHORNK" testType="13cdc9d9-ddb5-4fa4-a97d-d965ccfc6d4b" outcome="NotExecuted" testListId="8c84fa94-04c1-424b-9868-57a2d4851a1d" relativeResultsDirectory="3372d97d-7f8c-401b-8c18-416659c9828d">
    </UnitTestResult>
    <UnitTestResult executionId="07b01949-cb0d-48a0-8ad5-774bbb881bfa" testId="5e7b3674-8f66-dbaa-2296-433ca5893238" testName="TestKTMatKhau" computerName="LAPTOP-OTVHORNK" testType="13cdc9d9-ddb5-4fa4-a97d-d965ccfc6d4b" outcome="NotExecuted" testListId="8c84fa94-04c1-424b-9868-57a2d4851a1d" relativeResultsDirectory="07b01949-cb0d-48a0-8ad5-774bbb881bfa">
    </UnitTestResult>
  </Results>
</TestRun>